Component: ARM Compiler 6.16 Tool: armlink [5dfeaa00]

==============================================================================

Section Cross References

    startup.o(STACK) refers (Special) to heapauxi.o(.text) for __use_two_region_memory
    startup.o(HEAP) refers (Special) to heapauxi.o(.text) for __use_two_region_memory
    startup.o(RESET) refers (Special) to heapauxi.o(.text) for __use_two_region_memory
    startup.o(RESET) refers to startup.o(STACK) for StackMem
    startup.o(RESET) refers to main.o(main) for __main
    startup.o(RESET) refers to pulse.o(routines) for My_Timer0A_Handler
    startup.o(.text) refers (Special) to heapauxi.o(.text) for __use_two_region_memory
    startup.o(.text) refers to startup.o(HEAP) for HeapMem
    startup.o(.text) refers to startup.o(STACK) for StackMem
    convrt.o(main) refers to outstr.o(.text) for OutStr
    result.o(main) refers to outstr.o(.text) for OutStr
    result.o(main) refers to convrt.o(main) for CONVRT
    result.o(main) refers to result.o(writing) for DutyCycle
    main.o(main) refers to pulse.o(routines) for PULSE_INIT
    main.o(main) refers to detect_init.o(routinea) for DETECT_INIT
    main.o(main) refers to result.o(main) for RESULT


==============================================================================

Removing Unused input sections from the image.

    Removing startup.o(HEAP), (0 bytes).
    Removing startup.o(.text), (48 bytes).
    Removing outchar.o(.text), (220 bytes).

3 unused section(s) (total 268 bytes) removed from the image.

==============================================================================

Image Symbol Table

    Local Symbols

    Symbol Name                              Value     Ov Type        Size  Object(Section)

    ../clib/heapaux.c                        0x00000000   Number         0  heapauxi.o ABSOLUTE
    CONVRT.s                                 0x00000000   Number         0  convrt.o ABSOLUTE
    DETECT_INIT.s                            0x00000000   Number         0  detect_init.o ABSOLUTE
    OutChar.s                                0x00000000   Number         0  outchar.o ABSOLUTE
    OutStr.s                                 0x00000000   Number         0  outstr.o ABSOLUTE
    Pulse.s                                  0x00000000   Number         0  pulse.o ABSOLUTE
    Startup.s                                0x00000000   Number         0  startup.o ABSOLUTE
    dc.s                                     0x00000000   Number         0  dc.o ABSOLUTE
    main.s                                   0x00000000   Number         0  main.o ABSOLUTE
    result.s                                 0x00000000   Number         0  result.o ABSOLUTE
    RESET                                    0x00000000   Section      648  startup.o(RESET)
    $v0                                      0x0000026c   Number         0  startup.o(RESET)
    $v0                                      0x00000288   Number         0  outstr.o(.text)
    .text                                    0x00000288   Section      236  outstr.o(.text)
    .text                                    0x00000374   Section        0  heapauxi.o(.text)
    $v0                                      0x0000037c   Number         0  convrt.o(main)
    main                                     0x0000037c   Section      156  convrt.o(main)
    checker                                  0x000003b1   Thumb Code    18  convrt.o(main)
    CONVeRT                                  0x000003c3   Thumb Code    82  convrt.o(main)
    $v0                                      0x00000418   Number         0  result.o(main)
    main                                     0x00000418   Section      192  result.o(main)
    $v0                                      0x000004d8   Number         0  main.o(main)
    main                                     0x000004d8   Section       16  main.o(main)
    $v0                                      0x000004e8   Number         0  detect_init.o(routinea)
    routinea                                 0x000004e8   Section      192  detect_init.o(routinea)
    $v0                                      0x000005a8   Number         0  pulse.o(routines)
    routines                                 0x000005a8   Section      292  pulse.o(routines)
    DutyCycle                                0x000006cc   Data          15  result.o(writing)
    writing                                  0x000006cc   Section       53  result.o(writing)
    Pulse                                    0x000006dc   Data          20  result.o(writing)
    Period                                   0x000006f1   Data          15  result.o(writing)
    StackMem                                 0x20000000   Data           0  startup.o(STACK)
    STACK                                    0x20000000   Section     1024  startup.o(STACK)

    Global Symbols

    Symbol Name                              Value     Ov Type        Size  Object(Section)

    BuildAttributes$$THM_ISAv4$E$P$D$K$B$S$7EM$VFPi3$EXTD16$VFPS$VFMA$PE$A:L22UL41UL21$X:L11$S22US41US21$IEEE1$IW$~IW$USESV6$~STKCKD$USESV7$~SHL$OSPACE$ROPI$EBA8$STANDARDLIB$REQ8$EABIv2 0x00000000   Number         0  anon$$obj.o ABSOLUTE
    __Vectors                                0x00000000   Data           0  startup.o(RESET)
    Reset_Handler                            0x0000026d   Thumb Code     0  startup.o(RESET)
    NMI_Handler                              0x00000271   Thumb Code     2  startup.o(RESET)
    HardFault_Handler                        0x00000273   Thumb Code     2  startup.o(RESET)
    MemManage_Handler                        0x00000275   Thumb Code     2  startup.o(RESET)
    BusFault_Handler                         0x00000277   Thumb Code     2  startup.o(RESET)
    UsageFault_Handler                       0x00000279   Thumb Code     2  startup.o(RESET)
    SVC_Handler                              0x0000027b   Thumb Code     2  startup.o(RESET)
    DebugMon_Handler                         0x0000027d   Thumb Code     2  startup.o(RESET)
    PendSV_Handler                           0x0000027f   Thumb Code     2  startup.o(RESET)
    SysTick_Handler                          0x00000281   Thumb Code     2  startup.o(RESET)
    Timer0A_Handler                          0x00000283   Thumb Code     4  startup.o(RESET)
    ADC0Seq0_Handler                         0x00000287   Thumb Code     0  startup.o(RESET)
    ADC0Seq1_Handler                         0x00000287   Thumb Code     0  startup.o(RESET)
    ADC0Seq2_Handler                         0x00000287   Thumb Code     0  startup.o(RESET)
    ADC0Seq3_Handler                         0x00000287   Thumb Code     0  startup.o(RESET)
    ADC1Seq0_Handler                         0x00000287   Thumb Code     0  startup.o(RESET)
    ADC1Seq1_Handler                         0x00000287   Thumb Code     0  startup.o(RESET)
    ADC1Seq2_Handler                         0x00000287   Thumb Code     0  startup.o(RESET)
    ADC1Seq3_Handler                         0x00000287   Thumb Code     0  startup.o(RESET)
    CAN0_Handler                             0x00000287   Thumb Code     0  startup.o(RESET)
    CAN1_Handler                             0x00000287   Thumb Code     0  startup.o(RESET)
    CAN2_Handler                             0x00000287   Thumb Code     0  startup.o(RESET)
    Comp0_Handler                            0x00000287   Thumb Code     0  startup.o(RESET)
    Comp1_Handler                            0x00000287   Thumb Code     0  startup.o(RESET)
    Comp2_Handler                            0x00000287   Thumb Code     0  startup.o(RESET)
    Ethernet_Handler                         0x00000287   Thumb Code     0  startup.o(RESET)
    ExtBus_Handler                           0x00000287   Thumb Code     0  startup.o(RESET)
    FPU_Handler                              0x00000287   Thumb Code     0  startup.o(RESET)
    Fan0_Handler                             0x00000287   Thumb Code     0  startup.o(RESET)
    FlashCtl_Handler                         0x00000287   Thumb Code     0  startup.o(RESET)
    GPIOPortA_Handler                        0x00000287   Thumb Code     0  startup.o(RESET)
    GPIOPortB_Handler                        0x00000287   Thumb Code     0  startup.o(RESET)
    GPIOPortC_Handler                        0x00000287   Thumb Code     0  startup.o(RESET)
    GPIOPortD_Handler                        0x00000287   Thumb Code     0  startup.o(RESET)
    GPIOPortE_Handler                        0x00000287   Thumb Code     0  startup.o(RESET)
    GPIOPortF_Handler                        0x00000287   Thumb Code     0  startup.o(RESET)
    GPIOPortG_Handler                        0x00000287   Thumb Code     0  startup.o(RESET)
    GPIOPortH_Handler                        0x00000287   Thumb Code     0  startup.o(RESET)
    GPIOPortJ_Handler                        0x00000287   Thumb Code     0  startup.o(RESET)
    GPIOPortK_Handler                        0x00000287   Thumb Code     0  startup.o(RESET)
    GPIOPortL_Handler                        0x00000287   Thumb Code     0  startup.o(RESET)
    GPIOPortM_Handler                        0x00000287   Thumb Code     0  startup.o(RESET)
    GPIOPortN_Handler                        0x00000287   Thumb Code     0  startup.o(RESET)
    GPIOPortP1_Handler                       0x00000287   Thumb Code     0  startup.o(RESET)
    GPIOPortP2_Handler                       0x00000287   Thumb Code     0  startup.o(RESET)
    GPIOPortP3_Handler                       0x00000287   Thumb Code     0  startup.o(RESET)
    GPIOPortP4_Handler                       0x00000287   Thumb Code     0  startup.o(RESET)
    GPIOPortP5_Handler                       0x00000287   Thumb Code     0  startup.o(RESET)
    GPIOPortP6_Handler                       0x00000287   Thumb Code     0  startup.o(RESET)
    GPIOPortP7_Handler                       0x00000287   Thumb Code     0  startup.o(RESET)
    GPIOPortP_Handler                        0x00000287   Thumb Code     0  startup.o(RESET)
    GPIOPortQ1_Handler                       0x00000287   Thumb Code     0  startup.o(RESET)
    GPIOPortQ2_Handler                       0x00000287   Thumb Code     0  startup.o(RESET)
    GPIOPortQ3_Handler                       0x00000287   Thumb Code     0  startup.o(RESET)
    GPIOPortQ4_Handler                       0x00000287   Thumb Code     0  startup.o(RESET)
    GPIOPortQ5_Handler                       0x00000287   Thumb Code     0  startup.o(RESET)
    GPIOPortQ6_Handler                       0x00000287   Thumb Code     0  startup.o(RESET)
    GPIOPortQ7_Handler                       0x00000287   Thumb Code     0  startup.o(RESET)
    GPIOPortQ_Handler                        0x00000287   Thumb Code     0  startup.o(RESET)
    GPIOPortR_Handler                        0x00000287   Thumb Code     0  startup.o(RESET)
    GPIOPortS_Handler                        0x00000287   Thumb Code     0  startup.o(RESET)
    Hibernate_Handler                        0x00000287   Thumb Code     0  startup.o(RESET)
    I2C0_Handler                             0x00000287   Thumb Code     0  startup.o(RESET)
    I2C1_Handler                             0x00000287   Thumb Code     0  startup.o(RESET)
    I2C2_Handler                             0x00000287   Thumb Code     0  startup.o(RESET)
    I2C3_Handler                             0x00000287   Thumb Code     0  startup.o(RESET)
    I2C4_Handler                             0x00000287   Thumb Code     0  startup.o(RESET)
    I2C5_Handler                             0x00000287   Thumb Code     0  startup.o(RESET)
    I2S0_Handler                             0x00000287   Thumb Code     0  startup.o(RESET)
    LPC0_Handler                             0x00000287   Thumb Code     0  startup.o(RESET)
    PECI0_Handler                            0x00000287   Thumb Code     0  startup.o(RESET)
    PWM0Fault_Handler                        0x00000287   Thumb Code     0  startup.o(RESET)
    PWM0Generator0_Handler                   0x00000287   Thumb Code     0  startup.o(RESET)
    PWM0Generator1_Handler                   0x00000287   Thumb Code     0  startup.o(RESET)
    PWM0Generator2_Handler                   0x00000287   Thumb Code     0  startup.o(RESET)
    PWM0Generator3_Handler                   0x00000287   Thumb Code     0  startup.o(RESET)
    PWM1Fault_Handler                        0x00000287   Thumb Code     0  startup.o(RESET)
    PWM1Generator0_Handler                   0x00000287   Thumb Code     0  startup.o(RESET)
    PWM1Generator1_Handler                   0x00000287   Thumb Code     0  startup.o(RESET)
    PWM1Generator2_Handler                   0x00000287   Thumb Code     0  startup.o(RESET)
    PWM1Generator3_Handler                   0x00000287   Thumb Code     0  startup.o(RESET)
    Quadrature0_Handler                      0x00000287   Thumb Code     0  startup.o(RESET)
    Quadrature1_Handler                      0x00000287   Thumb Code     0  startup.o(RESET)
    Quadrature2_Handler                      0x00000287   Thumb Code     0  startup.o(RESET)
    SSI0_Handler                             0x00000287   Thumb Code     0  startup.o(RESET)
    SSI1_Handler                             0x00000287   Thumb Code     0  startup.o(RESET)
    SSI2_Handler                             0x00000287   Thumb Code     0  startup.o(RESET)
    SSI3_Handler                             0x00000287   Thumb Code     0  startup.o(RESET)
    SysCtl_Handler                           0x00000287   Thumb Code     0  startup.o(RESET)
    Timer0B_Handler                          0x00000287   Thumb Code     0  startup.o(RESET)
    Timer1A_Handler                          0x00000287   Thumb Code     0  startup.o(RESET)
    Timer1B_Handler                          0x00000287   Thumb Code     0  startup.o(RESET)
    Timer2A_Handler                          0x00000287   Thumb Code     0  startup.o(RESET)
    Timer2B_Handler                          0x00000287   Thumb Code     0  startup.o(RESET)
    Timer3A_Handler                          0x00000287   Thumb Code     0  startup.o(RESET)
    Timer3B_Handler                          0x00000287   Thumb Code     0  startup.o(RESET)
    Timer4A_Handler                          0x00000287   Thumb Code     0  startup.o(RESET)
    Timer4B_Handler                          0x00000287   Thumb Code     0  startup.o(RESET)
    Timer5A_Handler                          0x00000287   Thumb Code     0  startup.o(RESET)
    Timer5B_Handler                          0x00000287   Thumb Code     0  startup.o(RESET)
    UART0_Handler                            0x00000287   Thumb Code     0  startup.o(RESET)
    UART1_Handler                            0x00000287   Thumb Code     0  startup.o(RESET)
    UART2_Handler                            0x00000287   Thumb Code     0  startup.o(RESET)
    UART3_Handler                            0x00000287   Thumb Code     0  startup.o(RESET)
    UART4_Handler                            0x00000287   Thumb Code     0  startup.o(RESET)
    UART5_Handler                            0x00000287   Thumb Code     0  startup.o(RESET)
    UART6_Handler                            0x00000287   Thumb Code     0  startup.o(RESET)
    UART7_Handler                            0x00000287   Thumb Code     0  startup.o(RESET)
    USB0_Handler                             0x00000287   Thumb Code     0  startup.o(RESET)
    WDT_Handler                              0x00000287   Thumb Code     0  startup.o(RESET)
    WideTimer0A_Handler                      0x00000287   Thumb Code     0  startup.o(RESET)
    WideTimer0B_Handler                      0x00000287   Thumb Code     0  startup.o(RESET)
    WideTimer1A_Handler                      0x00000287   Thumb Code     0  startup.o(RESET)
    WideTimer1B_Handler                      0x00000287   Thumb Code     0  startup.o(RESET)
    WideTimer2A_Handler                      0x00000287   Thumb Code     0  startup.o(RESET)
    WideTimer2B_Handler                      0x00000287   Thumb Code     0  startup.o(RESET)
    WideTimer3A_Handler                      0x00000287   Thumb Code     0  startup.o(RESET)
    WideTimer3B_Handler                      0x00000287   Thumb Code     0  startup.o(RESET)
    WideTimer4A_Handler                      0x00000287   Thumb Code     0  startup.o(RESET)
    WideTimer4B_Handler                      0x00000287   Thumb Code     0  startup.o(RESET)
    WideTimer5A_Handler                      0x00000287   Thumb Code     0  startup.o(RESET)
    WideTimer5B_Handler                      0x00000287   Thumb Code     0  startup.o(RESET)
    uDMA_Error                               0x00000287   Thumb Code     0  startup.o(RESET)
    uDMA_Handler                             0x00000287   Thumb Code     0  startup.o(RESET)
    OutStr                                   0x00000289   Thumb Code     0  outstr.o(.text)
    __use_two_region_memory                  0x00000375   Thumb Code     2  heapauxi.o(.text)
    __rt_heap_escrow$2region                 0x00000377   Thumb Code     2  heapauxi.o(.text)
    __rt_heap_expand$2region                 0x00000379   Thumb Code     2  heapauxi.o(.text)
    CONVRT                                   0x0000037d   Thumb Code    52  convrt.o(main)
    RESULT                                   0x00000419   Thumb Code   164  result.o(main)
    __main                                   0x000004d9   Thumb Code    16  main.o(main)
    DETECT_INIT                              0x000004e9   Thumb Code     0  detect_init.o(routinea)
    My_Timer0A_Handler                       0x000005a9   Thumb Code    60  pulse.o(routines)
    PULSE_INIT                               0x000005e5   Thumb Code   164  pulse.o(routines)



==============================================================================

Memory Map of the image

  Image Entry point : 0x0000026d

  Load Region LR_1 (Base: 0x00000000, Size: 0x00000b08, Max: 0xffffffff, ABSOLUTE)

    Execution Region ER_RO (Exec base: 0x00000000, Load base: 0x00000000, Size: 0x00000704, Max: 0xffffffff, ABSOLUTE)

    Exec Addr    Load Addr    Size         Type   Attr      Idx    E Section Name        Object

    0x00000000   0x00000000   0x00000288   Code   RO            9  * RESET               startup.o
    0x00000288   0x00000288   0x000000ec   Code   RO           27    .text               outstr.o
    0x00000374   0x00000374   0x00000006   Code   RO           41    .text               c_w.l(heapauxi.o)
    0x0000037a   0x0000037a   0x00000002   PAD
    0x0000037c   0x0000037c   0x0000009c   Code   RO           23    main                convrt.o
    0x00000418   0x00000418   0x000000c0   Code   RO           31    main                result.o
    0x000004d8   0x000004d8   0x00000010   Code   RO           35    main                main.o
    0x000004e8   0x000004e8   0x000000c0   Code   RO           16    routinea            detect_init.o
    0x000005a8   0x000005a8   0x00000124   Code   RO            1    routines            pulse.o
    0x000006cc   0x000006cc   0x00000035   Data   RO           30    writing             result.o


    Execution Region ER_RW (Exec base: 0x20000000, Load base: 0x00000708, Size: 0x00000400, Max: 0xffffffff, ABSOLUTE)

    Exec Addr    Load Addr    Size         Type   Attr      Idx    E Section Name        Object

    0x20000000   0x00000708   0x00000400   Data   RW            7    STACK               startup.o


    Execution Region ER_ZI (Exec base: 0x20000400, Load base: 0x00000b08, Size: 0x00000000, Max: 0xffffffff, ABSOLUTE)

    **** No section assigned to this execution region ****


==============================================================================

Image component sizes


      Code (inc. data)   RO Data    RW Data    ZI Data      Debug   Object Name

       156          4          0          0          0        444   convrt.o
       192         50          0          0          0        396   detect_init.o
        16          2          0          0          0        324   main.o
       236         54          0          0          0        276   outstr.o
       292         68          0          0          0        496   pulse.o
       192         28         53          0          0        380   result.o
       648        620          0       1024          0        768   startup.o

    ----------------------------------------------------------------------
      1732        826         56       1024          0       3084   Object Totals
         0          0          0          0          0          0   (incl. Generated)
         0          0          3          0          0          0   (incl. Padding)

    ----------------------------------------------------------------------

      Code (inc. data)   RO Data    RW Data    ZI Data      Debug   Library Member Name

         6          0          0          0          0        152   heapauxi.o

    ----------------------------------------------------------------------
         8          0          0          0          0        152   Library Totals
         2          0          0          0          0          0   (incl. Padding)

    ----------------------------------------------------------------------

      Code (inc. data)   RO Data    RW Data    ZI Data      Debug   Library Name

         6          0          0          0          0        152   c_w.l

    ----------------------------------------------------------------------
         8          0          0          0          0        152   Library Totals

    ----------------------------------------------------------------------

==============================================================================


      Code (inc. data)   RO Data    RW Data    ZI Data      Debug   

      1740        826         56       1024          0       2736   Grand Totals
      1740        826         56       1024          0       2736   ELF Image Totals
      1740        826         56       1024          0          0   ROM Totals

==============================================================================

    Total RO  Size (Code + RO Data)                 1796 (   1.75kB)
    Total RW  Size (RW Data + ZI Data)              1024 (   1.00kB)
    Total ROM Size (Code + RO Data + RW Data)       2820 (   2.75kB)

==============================================================================

