<html>
<body>
<pre>
<h1>µVision Build Log</h1>
<h2>Tool Versions:</h2>
IDE-Version: µVision V5.36.0.0
Copyright (C) 2021 ARM Ltd and ARM Germany GmbH. All rights reserved.
License Information: Berkay IPEK, METU, LIC=----
 
Tool Versions:
Toolchain:       MDK-Lite  Version: 5.36.0.0
Toolchain Path:  C:\Keil_v5\ARM\ARMCLANG\Bin
C Compiler:      ArmClang.exe V6.16
Assembler:       Armasm.exe V6.16
Linker/Locator:  ArmLink.exe V6.16
Library Manager: ArmAr.exe V6.16
Hex Converter:   FromElf.exe V6.16
CPU DLL:         SARMCM3.DLL V5.36.0.0
Dialog DLL:      DCM.DLL V1.17.3.0
Target DLL:      lmidk-agdi.dll V???
Dialog DLL:      TCM.DLL V1.53.0.0
 
<h2>Project:</h2>
D:\OKUL\ee 4ün 1i\Lab-447\Labtwo\QuestionThree\binary.uvprojx
Project File Date:  12/13/2021

<h2>Output:</h2>
*** Using Compiler 'V6.16', folder: 'C:\Keil_v5\ARM\ARMCLANG\Bin'
Rebuild target 'Target 1'
assembling OutChar.s...
assembling InChar.s...
"updater.s", line 25: Warning: A1488W: PROC/FUNC at line 20 in 'updater.s' without matching ENDP/ENDFUNC
   25 0000001e chHG  PROC
0 Errors, 1 Warning
assembling updater.s...
assembling OutStr.s...
"programming_directive.s", line 35: Warning: A1313W: Missing END directive at end of file
   35 00000044 
0 Errors, 1 Warning
assembling programming_directive.s...
assembling Startup.s...
"denxx.s", line 33: Warning: A1488W: PROC/FUNC at line 27 in 'denxx.s' without matching ENDP/ENDFUNC
   33 0000003a checker2 PROC
"denxx.s", line 39: Warning: A1488W: PROC/FUNC at line 33 in 'denxx.s' without matching ENDP/ENDFUNC
   39 00000044 CONVeRT  PROC
"denxx.s", line 71: Warning: A1581W: Added 2 bytes of padding at address 0x96
   71 00000098    END
0 Errors, 3 Warnings
assembling denxx.s...
linking...
Program Size: Code=1340 RO-data=0 RW-data=1024 ZI-data=0  
".\Objects\binary.axf" - 0 Error(s), 0 Warning(s).

<h2>Software Packages used:</h2>

Package Vendor: Keil
                http://www.keil.com/pack/Keil.TM4C_DFP.1.1.0.pack
                Keil.TM4C_DFP.1.1.0
                Texas Instruments Tiva C Series Device Support and Examples

<h2>Collection of Component include folders:</h2>
  C:\Users\90554\AppData\Local\Arm\Packs\Keil\TM4C_DFP\1.1.0\Device\Include\TM4C123

<h2>Collection of Component Files used:</h2>
Build Time Elapsed:  00:00:01
</pre>
</body>
</html>
